[fx.0.delayed]
[fx/index.html]
[backblue.gif]
[fade.gif]
[index.html]
[en_US/fbevents.js]
[feed/index.html]
[comments/feed/index.html]
[wp-json/index.html]
[wp-json/wp/v2/pages/12.json]
[xmlrpc0db0.php]
[wp-json/oembed/1.0/embedae5c.json]
[index678b.html]
[wp-json/oembed/1.0/embed969f]
[wp-content/themes/twentytwentyfour/assets/fonts/inter/Inter-VariableFont_slnt,wght.woff2]
[wp-content/themes/twentytwentyfour/assets/fonts/cardo/cardo_normal_400.woff2]
[wp-content/themes/twentytwentyfour/assets/fonts/cardo/cardo_italic_400.woff2]
[wp-content/themes/twentytwentyfour/assets/fonts/cardo/cardo_normal_700.woff2]
[wp-content/uploads/2023/12/photo_2023-12-26_15-21-14-300x300.jpg]
[wp-content/uploads/2023/12/Copy3-1024x478.png]
[wp-content/uploads/2023/12/Copy4-1024x515.png]
[wp-content/uploads/2023/12/Capture.png]
[wp-content/uploads/2023/12/Copy5.png]
[wp-content/uploads/2023/12/Capturex.png]
[wp-content/uploads/2023/12/Copy7-1024x401.png]
[wp-content/uploads/2023/12/Copy8-1024x410.png]
[wp-content/uploads/2023/12/Copy9-1024x576.png]
[wp-content/uploads/2023/12/Copy10-1024x444.png]
[wp-content/uploads/2023/12/Copy11.png]
[wp-content/uploads/2023/12/Copy12-1024x409.png]
[wp-content/uploads/2023/12/Screenshot_20231216-155546.png]
[wp-content/uploads/2023/12/Screenshot_20231216-155616-1.png]
[wp-content/uploads/2023/12/Screenshot_20231216-155656.png]
[wp-content/uploads/2023/12/Screenshot_20231216-165017-1.png]
[wp-content/uploads/2023/12/Screenshot_20231216-171848.png]
[wp-content/uploads/2023/12/Screenshot_20231216-171827.png]
[wp-content/uploads/2023/12/Screenshot_20231216-155902-1-2-461x1024.png]
[wp-content/uploads/2023/12/copp.png]
[wp-content/uploads/2023/12/G.png]
[wp-content/uploads/2023/12/G1-1.png]
[wp-content/uploads/2023/12/G11.png]
[fx/index.html]
[css1c2f.css]
[index-2.html]
[xmlrpc0db0.html]
[index678b.html]
[feed/index.html]
[comments/feed/index.html]
[wp-json/index.html]
[wp-json/wp/v2/pages/12.json]
[wp-json/oembed/1.0/embed969f]
[wp-content/themes/twentytwentyfour/assets/fonts/inter/Inter-VariableFont_slnt,wght.woff2]
[fx/a.3c.delayed]
[wp-content/themes/twentytwentyfour/assets/fonts/cardo/cardo_normal_400.woff2]
[wp-json/oembed/1.0/embedae5c.json]
[wp-content/themes/twentytwentyfour/assets/fonts/cardo/cardo_normal_700.woff2]
[fx/POST]
[wp-content/themes/twentytwentyfour/assets/fonts/cardo/cardo_italic_400.woff2]
[wp-content/uploads/2023/12/photo_2023-12-26_15-21-14-300x300.jpg]
[wp-content/uploads/2023/12/Copy4-1024x515.png]
[wp-content/uploads/2023/12/Copy3-1024x478.png]
[fx/b.resolvedLink]
[wp-content/uploads/2023/12/Capturex.png]
[wp-content/uploads/2023/12/Copy7-1024x401.png]
[wp-content/uploads/2023/12/Copy5.png]
[wp-content/uploads/2023/12/Capture.png]
[signals/iwl.js]
[en_US/fbevents.js]
[wp-content/uploads/2023/12/Copy8-1024x410.png]
[wp-content/uploads/2023/12/Copy11.png]
[wp-content/plugins/elementor/assets/css/frontend-lite.minf3b2.css]
[wp-content/uploads/2023/12/Copy10-1024x444.png]
[wp-content/uploads/2023/12/Copy9-1024x576.png]
[wp-content/plugins/elementor/assets/lib/swiper/v8/css/swiper.min94a4.css]
[wp-content/uploads/2023/12/Copy12-1024x409.png]
[wp-content/uploads/elementor/css/post-78979.css]
[wp-content/uploads/2023/12/Screenshot_20231216-155546.png]
[wp-content/plugins/elementor-pro/assets/css/frontend-lite.minf3df.css]
[wp-content/uploads/2023/12/Screenshot_20231216-165017-1.png]
[wp-content/uploads/elementor/css/global2fd9.css]
[wp-content/uploads/2023/12/Screenshot_20231216-155616-1.png]
[wp-content/uploads/2023/12/Screenshot_20231216-171848.png]
[wp-content/uploads/2023/12/Screenshot_20231216-155656.png]
[wp-content/uploads/2023/12/Screenshot_20231216-171827.png]
[wp-content/uploads/2023/12/Forex-Trader-photo.jpg]
[wp-content/uploads/2023/12/copp.png]
[wp-content/uploads/2023/12/G.png]
[wp-content/uploads/2023/12/Screenshot_20231216-155902-1-2-461x1024.png]
[wp-content/uploads/2023/12/222.jpg]
[wp-content/uploads/elementor/css/post-123e77.css]
[wp-content/uploads/2023/12/G11.png]
[wp-includes/js/jquery/jquery.minf43b.js]
[fx/schema.org/index.html]
[wp-includes/js/jquery/jquery-migrate.min5589.js]
[index-3.html]
[wp-content/uploads/2023/12/Forex-Trader-photo.jpg]
[wp-content/uploads/2023/12/222.jpg]
[xmlrpc0db0.html]
[wp-content/plugins/elementor/assets/css/widget-icon-list.min.css]
[wp-content/plugins/elementor-pro/assets/css/widget-animated-headline.min.css]
[wp-content/plugins/elementor/assets/lib/animations/animations.minf3b2.css]
[wp-content/plugins/facebook-conversion-pixel/pixel-cat.min19ce.js]
[api/player.js]
[wp-content/plugins/facebook-conversion-pixel/video84fc.js]
[wp-content/plugins/elementor-pro/assets/js/webpack-pro.runtime.minf3df.js]
[wp-content/plugins/elementor/assets/js/webpack.runtime.minf3b2.js]
[wp-content/plugins/elementor/assets/js/frontend-modules.minf3b2.js]
[wp-includes/js/dist/vendor/wp-polyfill-inert.min0226.js]
[wp-includes/js/dist/vendor/regenerator-runtime.min6c85.js]
[wp-includes/js/dist/vendor/wp-polyfill.min2c7c.js]
[wp-includes/js/dist/hooks.min2ebd.js]
[wp-includes/js/dist/i18n.minf92f.js]
[wp-content/plugins/elementor-pro/assets/js/frontend.minf3df.js]
[wp-content/plugins/elementor/assets/lib/waypoints/waypoints.min05da.js]
[wp-includes/js/jquery/ui/core.min3f14.js]
[assets/external/E-v1.js]
[fx/-negative.44.delayed]
[wp-content/plugins/elementor/assets/js/frontend.minf3b2.js]
[wp-content/plugins/elementor-pro/assets/js/elements-handlers.minf3df.js]
[fx/a.html]
[fx/POST.html]
[fx/schema.org/index.html]
[fx/OPR/index.html]
[wp-content/themes/twentytwentyfour/assets/images/building-exterior.webp]
[wp-content/themes/twentytwentyfour/assets/images/tourist-and-building.webp]
[index-3.html]
[wp-content/themes/twentytwentyfour/assets/images/windows.webp]
[fx/b.html]
[signals/iwl.html]
[fx/-negative.html]
[fx/OPR/index.html]
[wp-includes/blocks/navigation/style.min84fc.css]
[wp-includes/blocks/image/style.min84fc.css]
[author/admin/index.html]
[category/uncategorized/index.html]
[t,window.4c.delayed]
[wp-includes/js/dist/interactivity.min84fc.js]
[wp-includes/blocks/navigation/view.minff1e.js]
[author/admin/index.html]
[wp-json/wp/v2/users/1.json]
[2023/12/29/hello-world/index.html]
[author/admin/feed/index.html]
[category/uncategorized/feed/index.html]
[category/uncategorized/index.html]
[t,window.html]
[wp-json/wp/v2/categories/1.json]
[2023/12/29/hello-world/feed/index.html]
[wp-json/wp/v2/posts/1.json]
[wp-json/oembed/1.0/embed5a16.json]
[indexcff1.html]
[wp-json/oembed/1.0/embed9603]
[avatar/d7a973c7dab26985da5f961be7b744803190.png]
[2023/12/29/hello-world/index.html]
[wp-includes/css/dist/block-library/common.min84fc.css]
[indexcff1.html]
[2023/12/29/hello-world/index6809.html]
[2023/12/29/hello-world/index6809.html]
[wp-includes/js/comment-reply.min84fc.js]
